26955 [http-nio-8080-exec-1] INFO  c.w.w.controllers.LogController - Log do tipo INFO
26955 [http-nio-8080-exec-1] WARN  c.w.w.controllers.LogController - Log do tipo WARN
26955 [http-nio-8080-exec-1] ERROR c.w.w.controllers.LogController - Log do tipo ERROR
37742 [http-nio-8080-exec-2] INFO  c.w.w.controllers.LogController - Log do tipo INFO
37742 [http-nio-8080-exec-2] WARN  c.w.w.controllers.LogController - Log do tipo WARN
37743 [http-nio-8080-exec-2] ERROR c.w.w.controllers.LogController - Log do tipo ERROR
20262 [http-nio-8080-exec-1] WARN  c.w.w.controllers.LogController - Log do tipo WARN
20262 [http-nio-8080-exec-1] ERROR c.w.w.controllers.LogController - Log do tipo ERROR
28235 [http-nio-8080-exec-2] WARN  c.w.w.controllers.LogController - Log do tipo WARN
28235 [http-nio-8080-exec-2] ERROR c.w.w.controllers.LogController - Log do tipo ERROR
30726 [http-nio-8080-exec-3] WARN  c.w.w.controllers.LogController - Log do tipo WARN
30726 [http-nio-8080-exec-3] ERROR c.w.w.controllers.LogController - Log do tipo ERROR
31957 [http-nio-8080-exec-4] WARN  c.w.w.controllers.LogController - Log do tipo WARN
31957 [http-nio-8080-exec-4] ERROR c.w.w.controllers.LogController - Log do tipo ERROR
32959 [http-nio-8080-exec-5] WARN  c.w.w.controllers.LogController - Log do tipo WARN
32959 [http-nio-8080-exec-5] ERROR c.w.w.controllers.LogController - Log do tipo ERROR
33825 [http-nio-8080-exec-6] WARN  c.w.w.controllers.LogController - Log do tipo WARN
33825 [http-nio-8080-exec-6] ERROR c.w.w.controllers.LogController - Log do tipo ERROR
34590 [http-nio-8080-exec-7] WARN  c.w.w.controllers.LogController - Log do tipo WARN
34590 [http-nio-8080-exec-7] ERROR c.w.w.controllers.LogController - Log do tipo ERROR
35500 [http-nio-8080-exec-8] WARN  c.w.w.controllers.LogController - Log do tipo WARN
35500 [http-nio-8080-exec-8] ERROR c.w.w.controllers.LogController - Log do tipo ERROR
36365 [http-nio-8080-exec-9] WARN  c.w.w.controllers.LogController - Log do tipo WARN
36366 [http-nio-8080-exec-9] ERROR c.w.w.controllers.LogController - Log do tipo ERROR
289549 [http-nio-8080-exec-1] WARN  c.w.w.controllers.LogController - Log do tipo WARN
289550 [http-nio-8080-exec-1] ERROR c.w.w.controllers.LogController - Log do tipo ERROR
502108 [http-nio-8080-exec-3] WARN  c.w.w.controllers.LogController - Log do tipo WARN
502108 [http-nio-8080-exec-3] ERROR c.w.w.controllers.LogController - Log do tipo ERROR
503126 [http-nio-8080-exec-5] WARN  c.w.w.controllers.LogController - Log do tipo WARN
503126 [http-nio-8080-exec-5] ERROR c.w.w.controllers.LogController - Log do tipo ERROR
503876 [http-nio-8080-exec-6] WARN  c.w.w.controllers.LogController - Log do tipo WARN
503876 [http-nio-8080-exec-6] ERROR c.w.w.controllers.LogController - Log do tipo ERROR
504563 [http-nio-8080-exec-7] WARN  c.w.w.controllers.LogController - Log do tipo WARN
504564 [http-nio-8080-exec-7] ERROR c.w.w.controllers.LogController - Log do tipo ERROR
505278 [http-nio-8080-exec-8] WARN  c.w.w.controllers.LogController - Log do tipo WARN
505278 [http-nio-8080-exec-8] ERROR c.w.w.controllers.LogController - Log do tipo ERROR
505996 [http-nio-8080-exec-9] WARN  c.w.w.controllers.LogController - Log do tipo WARN
505996 [http-nio-8080-exec-9] ERROR c.w.w.controllers.LogController - Log do tipo ERROR
506595 [http-nio-8080-exec-10] WARN  c.w.w.controllers.LogController - Log do tipo WARN
506596 [http-nio-8080-exec-10] ERROR c.w.w.controllers.LogController - Log do tipo ERROR
507659 [http-nio-8080-exec-1] WARN  c.w.w.controllers.LogController - Log do tipo WARN
507660 [http-nio-8080-exec-1] ERROR c.w.w.controllers.LogController - Log do tipo ERROR
508341 [http-nio-8080-exec-2] WARN  c.w.w.controllers.LogController - Log do tipo WARN
508341 [http-nio-8080-exec-2] ERROR c.w.w.controllers.LogController - Log do tipo ERROR
508964 [http-nio-8080-exec-3] WARN  c.w.w.controllers.LogController - Log do tipo WARN
508964 [http-nio-8080-exec-3] ERROR c.w.w.controllers.LogController - Log do tipo ERROR
509652 [http-nio-8080-exec-4] WARN  c.w.w.controllers.LogController - Log do tipo WARN
509652 [http-nio-8080-exec-4] ERROR c.w.w.controllers.LogController - Log do tipo ERROR
510320 [http-nio-8080-exec-5] WARN  c.w.w.controllers.LogController - Log do tipo WARN
510320 [http-nio-8080-exec-5] ERROR c.w.w.controllers.LogController - Log do tipo ERROR
511022 [http-nio-8080-exec-6] WARN  c.w.w.controllers.LogController - Log do tipo WARN
511022 [http-nio-8080-exec-6] ERROR c.w.w.controllers.LogController - Log do tipo ERROR
7961 [http-nio-8080-exec-1] DEBUG c.w.w.controllers.LogController - Log do tipo DEBUG
7962 [http-nio-8080-exec-1] INFO  c.w.w.controllers.LogController - Log do tipo INFO
7962 [http-nio-8080-exec-1] WARN  c.w.w.controllers.LogController - Log do tipo WARN
7962 [http-nio-8080-exec-1] ERROR c.w.w.controllers.LogController - Log do tipo ERROR
9449 [http-nio-8080-exec-2] DEBUG c.w.w.controllers.LogController - Log do tipo DEBUG
9449 [http-nio-8080-exec-2] INFO  c.w.w.controllers.LogController - Log do tipo INFO
9449 [http-nio-8080-exec-2] WARN  c.w.w.controllers.LogController - Log do tipo WARN
9449 [http-nio-8080-exec-2] ERROR c.w.w.controllers.LogController - Log do tipo ERROR
10147 [http-nio-8080-exec-3] DEBUG c.w.w.controllers.LogController - Log do tipo DEBUG
10148 [http-nio-8080-exec-3] INFO  c.w.w.controllers.LogController - Log do tipo INFO
10148 [http-nio-8080-exec-3] WARN  c.w.w.controllers.LogController - Log do tipo WARN
10148 [http-nio-8080-exec-3] ERROR c.w.w.controllers.LogController - Log do tipo ERROR
10811 [http-nio-8080-exec-4] DEBUG c.w.w.controllers.LogController - Log do tipo DEBUG
10811 [http-nio-8080-exec-4] INFO  c.w.w.controllers.LogController - Log do tipo INFO
10811 [http-nio-8080-exec-4] WARN  c.w.w.controllers.LogController - Log do tipo WARN
10812 [http-nio-8080-exec-4] ERROR c.w.w.controllers.LogController - Log do tipo ERROR
11496 [http-nio-8080-exec-5] DEBUG c.w.w.controllers.LogController - Log do tipo DEBUG
11496 [http-nio-8080-exec-5] INFO  c.w.w.controllers.LogController - Log do tipo INFO
11496 [http-nio-8080-exec-5] WARN  c.w.w.controllers.LogController - Log do tipo WARN
11497 [http-nio-8080-exec-5] ERROR c.w.w.controllers.LogController - Log do tipo ERROR
12099 [http-nio-8080-exec-6] DEBUG c.w.w.controllers.LogController - Log do tipo DEBUG
12099 [http-nio-8080-exec-6] INFO  c.w.w.controllers.LogController - Log do tipo INFO
12099 [http-nio-8080-exec-6] WARN  c.w.w.controllers.LogController - Log do tipo WARN
12100 [http-nio-8080-exec-6] ERROR c.w.w.controllers.LogController - Log do tipo ERROR
12699 [http-nio-8080-exec-7] DEBUG c.w.w.controllers.LogController - Log do tipo DEBUG
12699 [http-nio-8080-exec-7] INFO  c.w.w.controllers.LogController - Log do tipo INFO
12700 [http-nio-8080-exec-7] WARN  c.w.w.controllers.LogController - Log do tipo WARN
12700 [http-nio-8080-exec-7] ERROR c.w.w.controllers.LogController - Log do tipo ERROR
13448 [http-nio-8080-exec-8] DEBUG c.w.w.controllers.LogController - Log do tipo DEBUG
13448 [http-nio-8080-exec-8] INFO  c.w.w.controllers.LogController - Log do tipo INFO
13448 [http-nio-8080-exec-8] WARN  c.w.w.controllers.LogController - Log do tipo WARN
13449 [http-nio-8080-exec-8] ERROR c.w.w.controllers.LogController - Log do tipo ERROR
17969 [http-nio-8080-exec-1] DEBUG c.w.w.controllers.LogController - Log do tipo DEBUG
17986 [http-nio-8080-exec-1] INFO  c.w.w.controllers.LogController - Log do tipo INFO
17987 [http-nio-8080-exec-1] WARN  c.w.w.controllers.LogController - Log do tipo WARN
17987 [http-nio-8080-exec-1] ERROR c.w.w.controllers.LogController - Log do tipo ERROR
8024 [http-nio-8080-exec-1] DEBUG c.w.w.controllers.LogController - Log do tipo DEBUG
8024 [http-nio-8080-exec-1] INFO  c.w.w.controllers.LogController - Log do tipo INFO
8025 [http-nio-8080-exec-1] WARN  c.w.w.controllers.LogController - Log do tipo WARN
8025 [http-nio-8080-exec-1] ERROR c.w.w.controllers.LogController - Log do tipo ERROR
360846 [http-nio-8080-exec-6] DEBUG c.w.w.controllers.LogController - Log do tipo DEBUG
360846 [http-nio-8080-exec-6] INFO  c.w.w.controllers.LogController - Log do tipo INFO
360847 [http-nio-8080-exec-6] WARN  c.w.w.controllers.LogController - Log do tipo WARN
360847 [http-nio-8080-exec-6] ERROR c.w.w.controllers.LogController - Log do tipo ERROR
538783 [http-nio-8080-exec-10] WARN  c.w.w.controllers.LogController - Log do tipo WARN
538784 [http-nio-8080-exec-10] ERROR c.w.w.controllers.LogController - Log do tipo ERROR
549662 [http-nio-8080-exec-1] WARN  c.w.w.controllers.LogController - Log do tipo WARN
549662 [http-nio-8080-exec-1] ERROR c.w.w.controllers.LogController - Log do tipo ERROR
18:44:00.643 [http-nio-8080-exec-1] DEBUG c.w.w.controllers.LogController - Log do tipo DEBUG
18:44:00.659 [http-nio-8080-exec-1] INFO  c.w.w.controllers.LogController - Log do tipo INFO
18:44:00.660 [http-nio-8080-exec-1] WARN  c.w.w.controllers.LogController - Log do tipo WARN
18:44:00.660 [http-nio-8080-exec-1] ERROR c.w.w.controllers.LogController - Log do tipo ERROR
18:44:46.330 [http-nio-8080-exec-2] DEBUG c.w.w.controllers.LogController - Log do tipo DEBUG
18:44:46.330 [http-nio-8080-exec-2] INFO  c.w.w.controllers.LogController - Log do tipo INFO
18:44:46.330 [http-nio-8080-exec-2] WARN  c.w.w.controllers.LogController - Log do tipo WARN
18:44:46.331 [http-nio-8080-exec-2] ERROR c.w.w.controllers.LogController - Log do tipo ERROR
